Themida - Advanced Windows Software Protection System  [Version 2.4.6.0 ]

Protection Options for eGPF_.vmp.exe
------------------------------------

Macros Information
------------------
VM Macros: 0
ENCRYPT Macros: 0
CLEAR Macros: 0
MUTATE Macros: 0
STR_ENCRYPT Macros: 0
CHECK_PROTECTION Macros: 0
CHECK_CODE_INTEGRITY Macros: 0
CHECK_VIRTUAL_PC Macros: 0


Protection Options
------------------
Anti-Debugger: Ultra
Anti-Dumpers: ENABLED
Entry Point Ofuscation: ENABLED
Taggant Information: ENABLED
Resource Encryption: ENABLED
VMWare compatible: ENABLED
API-Wrapping Level: Level 2
Anti-Patching: File Patching
Memory Guard: ENABLED
When Debugger Found: Display Message
Application compression: ENABLED
Resources compression: ENABLED
SecureEngine compression: ENABLED
Anti-File Monitor: ENABLED
Anti-Registry Monitor: ENABLED
Anti-Sandbox tools: ENABLED
Delphi/BCB form protection: ENABLED


Virtual Machine Settings
------------------------
Automatic handling of Virtual Machines: DISABLED
Force Integrity Checks: ENABLED
Virtualize Protection Core with: DOLPHIN64 (Black)
Virtualize old VM macros: 
Virtual Machines Inserted: 
--> DOLPHIN64 (Black)


Advanced Protection Options
---------------------------
Encrypt Application: ENABLED
DLL plugin: DISABLED
Hide from PE scanners: Type 1
.NET assemblies: DISABLED
Active Context: ENABLED
Add Manifest: Don't add manifest


XBundler files
--------------
No files to bundle
